Information: Propagating switching activity (low effort zero delay simulation). (PWR-6)
Warning: The derived toggle rate value (0.400000) for the clock net 'clk' conflicts with the annotated value (0.200602). Using the annotated value. (PWR-12)
Warning: Design has unannotated primary inputs. (PWR-414)
Warning: Design has unannotated sequential cell outputs. (PWR-415)
 
****************************************
Report : power
        -analysis_effort low
Design : FIR_Toplevel_4_5
Version: J-2014.09
Date   : Thu Nov 14 16:09:25 2019
****************************************


Library(s) Used:

    tcbn90gtc (File: /afs/it.kth.se/pkg/synopsys/extra_libraries/standard_cell/TSMC/tcbn90g_110a/Front_End/timing_power/tcbn90g_110a/tcbn90gtc.db)


Operating Conditions: NCCOM   Library: tcbn90gtc
Wire Load Model Mode: top

Design        Wire Load Model            Library
------------------------------------------------
FIR_Toplevel_4_5       ZeroWireload      tcbn90gtc


Global Operating Voltage = 1    
Power-specific unit information :
    Voltage Units = 1V
    Capacitance Units = 1.000000pf
    Time Units = 1ns
    Dynamic Power Units = 1mW    (derived from V,C,T units)
    Leakage Power Units = 1nW


  Cell Internal Power  = 144.4621 uW   (91%)
  Net Switching Power  =  14.5393 uW    (9%)
                         ---------
Total Dynamic Power    = 159.0014 uW  (100%)

Cell Leakage Power     =   8.1708 uW


                 Internal         Switching           Leakage            Total
Power Group      Power            Power               Power              Power   (   %    )  Attrs
--------------------------------------------------------------------------------------------------
io_pad             0.0000            0.0000            0.0000            0.0000  (   0.00%)
memory             0.0000            0.0000            0.0000            0.0000  (   0.00%)
black_box          0.0000            0.0000            0.0000            0.0000  (   0.00%)
clock_network  2.9918e-03        1.2998e-03           49.9936        4.3416e-03  (   2.60%)
register           0.1252        3.1413e-03        3.0357e+03            0.1314  (  78.57%)
sequential     2.2947e-03        9.0070e-05          509.4699        2.8942e-03  (   1.73%)
combinational  1.3998e-02        1.0008e-02        4.5756e+03        2.8582e-02  (  17.10%)
--------------------------------------------------------------------------------------------------
Total              0.1445 mW     1.4539e-02 mW     8.1708e+03 nW         0.1672 mW
1
