Information: Propagating switching activity (low effort zero delay simulation). (PWR-6)
Warning: Design has unannotated primary inputs. (PWR-414)
Warning: Design has unannotated sequential cell outputs. (PWR-415)
 
****************************************
Report : power
        -analysis_effort low
Design : FIR_Toplevel_4_5
Version: J-2014.09
Date   : Thu Nov 14 16:12:44 2019
****************************************


Library(s) Used:

    tcbn90gtc (File: /afs/it.kth.se/pkg/synopsys/extra_libraries/standard_cell/TSMC/tcbn90g_110a/Front_End/timing_power/tcbn90g_110a/tcbn90gtc.db)


Operating Conditions: NCCOM   Library: tcbn90gtc
Wire Load Model Mode: top

Design        Wire Load Model            Library
------------------------------------------------
FIR_Toplevel_4_5       ZeroWireload      tcbn90gtc


Global Operating Voltage = 1    
Power-specific unit information :
    Voltage Units = 1V
    Capacitance Units = 1.000000pf
    Time Units = 1ns
    Dynamic Power Units = 1mW    (derived from V,C,T units)
    Leakage Power Units = 1nW


  Cell Internal Power  = 340.0941 uW   (96%)
  Net Switching Power  =  15.8092 uW    (4%)
                         ---------
Total Dynamic Power    = 355.9033 uW  (100%)

Cell Leakage Power     =   8.2353 uW


                 Internal         Switching           Leakage            Total
Power Group      Power            Power               Power              Power   (   %    )  Attrs
--------------------------------------------------------------------------------------------------
io_pad             0.0000            0.0000            0.0000            0.0000  (   0.00%)
memory             0.0000            0.0000            0.0000            0.0000  (   0.00%)
black_box          0.0000            0.0000            0.0000            0.0000  (   0.00%)
clock_network      0.0000            0.0000            0.0000            0.0000  (   0.00%)
register           0.3227        2.0368e-03        2.9726e+03            0.3277  (  90.00%)
sequential     4.9969e-03        1.2187e-04          508.3943        5.6272e-03  (   1.55%)
combinational  1.2396e-02        1.3651e-02        4.7543e+03        3.0801e-02  (   8.46%)
--------------------------------------------------------------------------------------------------
Total              0.3401 mW     1.5809e-02 mW     8.2353e+03 nW         0.3641 mW
1
