 
****************************************
Report : area
Design : FIR_Toplevel_4_5
Version: J-2014.09
Date   : Thu Nov 14 16:12:44 2019
****************************************

Library(s) Used:

    tcbn90gtc (File: /afs/it.kth.se/pkg/synopsys/extra_libraries/standard_cell/TSMC/tcbn90g_110a/Front_End/timing_power/tcbn90g_110a/tcbn90gtc.db)

Number of ports:                           12
Number of nets:                            23
Number of cells:                            3
Number of combinational cells:              0
Number of sequential cells:                 0
Number of macros/black boxes:               0
Number of buf/inv:                          0
Number of references:                       3

Combinational area:               2220.825610
Buf/Inv area:                       69.350400
Noncombinational area:            2438.553640
Macro/Black Box area:                0.000000
Net Interconnect area:      undefined  (Wire load has zero net area)

Total cell area:                  4659.379251
Total area:                 undefined
1
